
## asia_breakout: 150 configs, 9s
     dev_trades  dev_sharpe  dev_profit_factor  dev_net_pct  val_trades  val_sharpe  val_profit_factor  val_net_pct
130          80        0.07               1.02         0.49        13.0        1.84               3.22         3.39
41           80       -0.10               0.95        -1.13        13.0        1.61               2.87         2.79
96           80       -0.42               0.83        -2.17        13.0        0.79               1.73         0.47
62           80       -0.44               0.82        -1.69        17.0        0.17               1.09         0.21
64          160       -0.60               0.83        -3.20        43.0       -0.76               0.77        -1.05
68          116       -0.75               0.76        -8.08        47.0        0.48               1.16         2.07
125         120       -0.80               0.75        -4.77        24.0       -1.84               0.43        -1.90
129          88       -0.81               0.68        -3.61        21.0        0.62               1.32         0.73

## ny_orb: 150 configs, 17s
     dev_trades  dev_sharpe  dev_profit_factor  dev_net_pct  val_trades  val_sharpe  val_profit_factor  val_net_pct
9           144        1.46               1.57        12.32        53.0        2.29               1.94         5.29
98          157        0.87               1.34         3.65        52.0       -0.63               0.82        -0.68
78          144        0.86               1.33         9.28        53.0        1.18               1.42         3.64
60          185        0.77               1.27         5.86        64.0        0.79               1.25         1.67
99          261        0.67               1.17         4.79        87.0        0.32               1.07         0.63
115         310        0.67               1.16         9.95       106.0       -1.02               0.81        -3.73
75          230        0.66               1.20         3.11        76.0        0.87               1.27         1.11
55          251        0.56               1.14         4.12        92.0        0.09               1.02         0.18

## ema_pullback: 150 configs, 26s
     dev_trades  dev_sharpe  dev_profit_factor  dev_net_pct  val_trades  val_sharpe  val_profit_factor  val_net_pct
44          517        0.72               1.15         7.76       162.0        0.03               1.00         0.03
132         434        0.65               1.14         9.42       134.0        1.77               1.45         6.67
13          508        0.62               1.11        11.27       158.0        0.61               1.12         3.03
123         729        0.48               1.07         8.55       245.0        0.39               1.05         2.11
12          448        0.43               1.08         5.78       138.0        1.35               1.32         4.88
82          409        0.22               1.04         2.70       125.0        0.24               1.04         0.77
122         483       -0.23               0.95        -2.03       151.0        0.92               1.20         1.87
70          458       -0.23               0.95        -1.77       131.0        0.96               1.22         2.00

## donchian: 150 configs, 35s
     dev_trades  dev_sharpe  dev_profit_factor  dev_net_pct  val_trades  val_sharpe  val_profit_factor  val_net_pct
0           170        1.37               1.54        10.56        72.0        1.11               1.33         2.54
55          180        1.16               1.43        14.03        72.0        2.14               1.83         8.72
147         172        0.82               1.32         9.40        72.0        0.73               1.22         2.70
129         297        0.53               1.14         5.72       102.0       -0.66               0.86        -2.02
1           333        0.52               1.12         3.85       105.0       -0.18               0.96        -0.40
16          291        0.48               1.10         6.00       112.0       -0.63               0.90        -2.49
40          498        0.47               1.07         7.91        93.0       -2.51               0.60        -8.16
118         307        0.45               1.11         5.89       109.0        0.50               1.11         2.21

## vwap_reversion: 149 configs, 43s
     dev_trades  dev_sharpe  dev_profit_factor  dev_net_pct  val_trades  val_sharpe  val_profit_factor  val_net_pct
103         358        0.84               1.17        16.65       105.0       -2.02               0.64        -8.06
70          291        0.63               1.14         8.19       101.0       -2.32               0.60        -7.76
132         291        0.63               1.15         9.42       101.0       -2.08               0.62        -7.57
125         201        0.44               1.11         4.49        71.0       -2.51               0.56        -6.85
75          358        0.36               1.08         4.25       115.0       -3.62               0.44        -8.03
77          409        0.27               1.05         3.72        99.0       -2.98               0.52        -8.00
54          419        0.19               1.03         2.38       128.0       -1.56               0.77        -5.68
13          351        0.16               1.03         1.41       105.0       -2.00               0.64        -4.91

## prev_day_break: 148 configs, 50s
     dev_trades  dev_sharpe  dev_profit_factor  dev_net_pct  val_trades  val_sharpe  val_profit_factor  val_net_pct
27          174        1.22               1.46        11.31        74.0        1.23               1.36         3.40
81          226        0.83               1.25         5.48        85.0        0.77               1.19         1.40
125         226        0.82               1.22         9.59        85.0        0.79               1.17         2.62
42          241        0.68               1.19         6.86        86.0        0.35               1.08         0.91
24          241        0.67               1.17         5.53        86.0        0.85               1.19         2.10
60          283        0.63               1.13         6.98        91.0        0.76               1.15         2.39
123         147        0.62               1.24         4.11        41.0       -0.52               0.84        -0.93
78          147        0.54               1.20         3.44        41.0       -1.35               0.63        -1.96

configs tried: 897
