=== daily close location (D1 2008-2026, next-day open -> close after h days) ===
strong close > 0.6 (long)                            h1 n 1111   +9.1 bps t +2.99 eras [np.float64(15.5), np.float64(-2.1), np.float64(10.3), np.float64(13.1)]
strong close > 0.6 & uptrend (long)                  h1 n  842  +10.1 bps t +2.93 eras [np.float64(17.3), np.float64(-1.8), np.float64(10.2), np.float64(13.0)]
strong close > 0.6 & downtrend (long)                h1 n  269   +5.7 bps t +0.91 eras [np.float64(9.3), np.float64(-2.7), np.float64(10.7), np.float64(13.7)]
weak close < -0.6 (short)                            h1 n  833   -1.2 bps t -0.27 eras [np.float64(14.0), np.float64(-0.9), np.float64(-0.8), np.float64(-14.1)]
weak close < -0.6 & downtrend (short)                h1 n  458   +2.9 bps t +0.48 eras [np.float64(6.1), np.float64(6.2), np.float64(2.4), np.float64(-5.6)]
strong close > 0.6 (long)                            h2 n 1111  +12.3 bps t +2.77 eras [np.float64(24.6), np.float64(-3.4), np.float64(12.7), np.float64(8.4)]
strong close > 0.6 (long)                            h3 n 1111  +15.6 bps t +2.80 eras [np.float64(21.1), np.float64(-6.9), np.float64(17.9), np.float64(21.9)]
strong close > 0.6 (long)                            h5 n 1111  +24.1 bps t +3.30 eras [np.float64(34.4), np.float64(-4.3), np.float64(11.5), np.float64(45.2)]
strong close > 0.8 (long)                            h1 n  532  +11.8 bps t +2.64 eras [np.float64(13.3), np.float64(12.4), np.float64(5.0), np.float64(13.8)]
strong close > 0.8 & uptrend (long)                  h1 n  428  +12.3 bps t +2.51 eras [np.float64(13.0), np.float64(16.4), np.float64(6.1), np.float64(12.2)]
strong close > 0.8 & downtrend (long)                h1 n  104   +9.5 bps t +0.89 eras [np.float64(14.6), np.float64(3.9), np.float64(1.5), np.float64(28.8)]
weak close < -0.8 (short)                            h1 n  304   -4.1 bps t -0.53 eras [np.float64(0.5), np.float64(-0.1), np.float64(-4.4), np.float64(-9.7)]
weak close < -0.8 & downtrend (short)                h1 n  175   +0.3 bps t +0.03 eras [np.float64(-15.4), np.float64(17.6), np.float64(-7.9), np.float64(-5.7)]
strong close > 0.8 (long)                            h2 n  532  +11.9 bps t +1.74 eras [np.float64(25.7), np.float64(6.8), np.float64(5.6), np.float64(-0.5)]
strong close > 0.8 (long)                            h3 n  532  +19.1 bps t +2.23 eras [np.float64(29.3), np.float64(3.3), np.float64(13.6), np.float64(11.2)]
strong close > 0.8 (long)                            h5 n  532  +26.8 bps t +2.39 eras [np.float64(54.9), np.float64(0.5), np.float64(-4.6), np.float64(30.2)]

=== weekly close location -> next week ===
weekly clv > 0.6 -> Monday long: n 271 +3.6 bps t +0.57
weekly clv > 0.6 -> next week long: n 273 +21.0 bps t +1.48 eras [np.float64(15.1), np.float64(6.8), np.float64(9.9), np.float64(40.5)]
weekly clv < -0.6 -> next week short: n 159 +4.3 bps t +0.21
weekly clv > 0.8 -> Monday long: n 153 +3.0 bps t +0.37
weekly clv > 0.8 -> next week long: n 154 +25.5 bps t +1.38 eras [np.float64(-3.5), np.float64(25.6), np.float64(26.9), np.float64(46.8)]
weekly clv < -0.8 -> next week short: n 62 +22.7 bps t +0.75
