         event     window    n   bps     t  yrs_same  bps_2023+
   LBMA_AM_fix   -30..+0m 1997 -1.15 -4.08      0.62      -1.43
   LBMA_AM_fix   +0..+15m 1997  0.47  2.59      1.00       0.47
   LBMA_AM_fix   +0..+60m 1997  1.03  2.42      0.75       2.43
        SGE_PM   +0..+15m 1997  0.57  2.24      0.75       1.01
      LDN_open   -60..-5m 1997  0.94  2.20      0.75       1.59
        SGE_PM   -30..+0m 1997  0.62  2.14      0.50       0.23
      LDN_open   -30..+0m 1997  0.63  2.06      0.50       0.44
      SGE_open   +0..+60m 1997  1.11  1.95      0.88       1.55
   LBMA_PM_fix   +0..+15m 1997  0.83  1.94      0.75       0.68
      LDN_open   +0..+15m 1997  0.49  1.94      0.62       0.56
   LBMA_AM_fix   -60..-5m 1997  0.65  1.68      0.75       0.14
        SGE_PM   -60..-5m 1997  0.75  1.67      0.88       0.51
   LBMA_PM_fix   -30..+0m 1997 -1.02 -1.62      0.75      -0.90
   LBMA_AM_fix +15..+120m 1997  0.90  1.56      0.62       2.44
   COMEX_close   +0..+15m 1997  0.34  1.53      0.62       0.54
      SGE_open   +0..+15m 1997  0.52  1.46      0.75       0.84
   COMEX_close   -30..+0m 1997 -0.47 -1.40      0.62      -0.93
        SGE_PM   +0..+60m 1997  0.50  1.14      0.75       1.21
      SGE_open   -30..+0m 1997 -0.33 -0.99      0.50      -0.10
      SGE_open +15..+120m 1997  0.58  0.97      0.75       0.24
   COMEX_close   +0..+60m 1997  0.44  0.94      0.50       1.31
      LDN_open   +0..+60m 1997  0.38  0.83      0.50       0.48
   COMEX_close +15..+120m 1997  0.47  0.79      0.62       0.68
   COMEX_close   -60..-5m 1997 -0.33 -0.77      0.50      -0.28
   LBMA_PM_fix +15..+120m 1997  0.62  0.76      0.75      -0.01
   LBMA_PM_fix   +0..+60m 1997  0.58  0.74      0.62      -0.17
NY_equity_open +15..+120m 1997  0.71  0.70      0.88       0.32
    COMEX_open +15..+120m 1997 -0.71 -0.68      0.62      -1.21
NY_equity_open   -60..-5m 1997  0.44  0.64      0.62       0.26
    COMEX_open   -30..+0m 1997  0.26  0.63      0.62      -0.23

tests 47; |t| > 3: 1
