tests: 405; |t|>3.5: 4; |t|>2.5 & halves agree & yrs_same>=0.75: 12
 dow  hour  hold_h   n   bps     t  yrs_same  h1_bps  h2_bps  halves_agree
   4    23       1 382  3.74  5.34      0.88    3.71    3.78          True
   3     1       2 402  6.03  5.26      1.00    3.64    8.63          True
   3     1       1 402  4.38  4.72      1.00    2.91    5.97          True
   1     1       1 403  3.20  3.74      1.00    2.81    3.62          True
   2     1       2 400  4.13  3.30      0.88    3.11    5.23          True
   4     1       2 393  2.66  3.27      1.00    1.93    3.43          True
   1     1       2 403  3.61  3.16      1.00    3.10    4.16          True
   2     1       4 400  5.91  3.09      0.88    2.12    9.97          True
   2     1       8 400  7.33  3.07      0.88    1.96   13.10          True
   2     2       8 400  7.14  2.94      0.75    0.73   14.01          True
   1     1       4 403  5.16  2.67      1.00    4.88    5.45          True
   2     8       2 400  3.44  2.58      0.88    2.45    4.51          True
   2     2       2 400  3.33  2.55      0.75   -0.45    7.40         False
   4    22       1 382 -2.22 -2.45      0.88   -1.89   -2.57          True
   2     6       4 400  3.72  2.44      0.75    2.29    5.25          True
   4    19       4 382 -4.37 -2.29      0.75   -2.29   -6.57          True
   3     2       1 402  1.64  2.29      0.75    0.71    2.66          True
   2     1       1 400  2.25  2.27      0.62    2.40    2.08          True
   2     3       8 400  5.52  2.24      0.88    1.14   10.22          True
   4     1       1 393  1.85  2.23      0.88    0.72    3.04          True
   2     2       1 400  1.86  2.19      0.75    0.68    3.13          True
   2     7       4 400  3.78  2.18      0.75    3.38    4.20          True
   3    12       2 402  2.37  2.13      0.62    0.57    4.32          True
   4     6       4 393  3.44  2.12      0.75    3.33    3.55          True
   4     1       4 393  3.88  2.12      1.00    2.97    4.85          True
   4     9       2 393  2.86  2.11      0.75    3.02    2.70          True
   4     9       1 393  1.99  2.10      0.62    1.80    2.19          True
   3     1       4 402  4.17  2.06      0.88    1.17    7.42          True
   2     9       1 400  2.10  2.06      0.88    1.24    3.02          True
   4     1       8 393  4.96  2.05      0.88    5.05    4.86          True

weekday open->close bps 2008-2018: {0: 0.6, 1: -1.2, 2: 2.8, 3: 0.2, 4: 11.5}  t: {0: 0.11, 1: -0.26, 2: 0.56, 3: 0.04, 4: 2.26}

weekday open->close bps 2019-2026: {0: 1.4, 1: 6.1, 2: 7.5, 3: 6.6, 4: 6.6}  t: {0: 0.27, 1: 1.11, 2: 1.44, 3: 1.27, 4: 1.12}
