
### decision 10:00: 1997 days. mean signed EOD move (ATR units), t-stat, by signal
   mom1   mean -0.001  t -0.11  by year {2019: 0.02, 2020: -0.01, 2021: 0.03, 2022: -0.03, 2023: 0.01, 2024: -0.02, 2025: -0.01, 2026: -0.02}
   mom5   mean +0.008  t +0.64  by year {2019: 0.0, 2020: -0.03, 2021: 0.03, 2022: -0.01, 2023: 0.07, 2024: -0.0, 2025: 0.0, 2026: -0.0}
   mom20  mean +0.011  t +0.82  by year {2019: 0.03, 2020: -0.01, 2021: 0.02, 2022: 0.03, 2023: 0.01, 2024: -0.02, 2025: 0.02, 2026: -0.01}
   asia   mean +0.016  t +1.23  by year {2019: -0.05, 2020: 0.03, 2021: 0.04, 2022: -0.03, 2023: -0.02, 2024: 0.09, 2025: 0.03, 2026: 0.05}
   h1     mean +0.008  t +0.59  by year {2019: -0.06, 2020: -0.03, 2021: 0.04, 2022: 0.01, 2023: 0.03, 2024: 0.02, 2025: 0.04, 2026: 0.01}
   usd    mean +0.004  t +0.32  by year {2019: -0.01, 2020: -0.05, 2021: 0.02, 2022: 0.03, 2023: 0.03, 2024: -0.02, 2025: 0.01, 2026: 0.02}
   eur    mean +0.009  t +0.68  by year {2019: -0.05, 2020: -0.03, 2021: 0.03, 2022: 0.04, 2023: 0.02, 2024: 0.05, 2025: -0.0, 2026: 0.03}
   xag    mean +0.022  t +1.67  by year {2019: 0.01, 2020: 0.0, 2021: 0.02, 2022: -0.02, 2023: -0.03, 2024: 0.08, 2025: 0.06, 2026: 0.05}
   ML(2021+) mean -0.003 t -0.20 by year {2021: -0.03, 2022: -0.01, 2023: -0.03, 2024: 0.02, 2025: 0.02, 2026: 0.03}
    {'T': '10:00', 'book': 'mom1', 'n': 1668, 'avgR': 0.002, 'SR': 0.152, 'PF': 1.027, 'net%': 2.48, 'DD%': 4.79, 'yrs_pos': 4, 'R_by_year': {2019: 3.0, 2020: -2.7, 2021: 4.6, 2022: -0.7, 2023: 0.6, 2024: -5.1, 2025: 3.6}}
    {'T': '10:00', 'book': 'asia', 'n': 1638, 'avgR': -0.007, 'SR': -0.287, 'PF': 0.94, 'net%': -4.95, 'DD%': 15.06, 'yrs_pos': 2, 'R_by_year': {2019: -14.6, 2020: -3.1, 2021: -3.5, 2022: -6.2, 2023: -4.7, 2024: 13.6, 2025: 6.7}}
    {'T': '10:00', 'book': 'h1', 'n': 1665, 'avgR': 0.005, 'SR': 0.192, 'PF': 1.036, 'net%': 3.26, 'DD%': 3.71, 'yrs_pos': 5, 'R_by_year': {2019: -5.8, 2020: 4.0, 2021: 1.3, 2022: 0.9, 2023: 4.3, 2024: -1.1, 2025: 4.5}}
    {'T': '10:00', 'book': 'usd', 'n': 1620, 'avgR': -0.01, 'SR': -0.344, 'PF': 0.931, 'net%': -5.89, 'DD%': 9.85, 'yrs_pos': 2, 'R_by_year': {2019: -4.7, 2020: -10.7, 2021: 0.9, 2022: -3.1, 2023: -1.1, 2024: 4.0, 2025: -1.9}}
    {'T': '10:00', 'book': 'usd&asia', 'n': 1066, 'avgR': -0.005, 'SR': -0.085, 'PF': 0.976, 'net%': -1.32, 'DD%': 9.84, 'yrs_pos': 2, 'R_by_year': {2019: -7.5, 2020: -4.9, 2021: 0.0, 2022: -3.8, 2023: -2.1, 2024: 10.4, 2025: 2.9}}
    {'T': '10:00', 'book': 'ML', 'n': 1118, 'avgR': -0.026, 'SR': -0.841, 'PF': 0.821, 'net%': -11.12, 'DD%': 11.15, 'yrs_pos': 0, 'R_by_year': {2021: -11.9, 2022: -1.9, 2023: -5.0, 2024: -7.1, 2025: -2.9}}

### decision 16:30: 1997 days. mean signed EOD move (ATR units), t-stat, by signal
   mom1   mean -0.006  t -0.61  by year {2019: -0.0, 2020: -0.01, 2021: 0.02, 2022: -0.02, 2023: -0.0, 2024: -0.02, 2025: -0.01, 2026: 0.01}
   mom5   mean +0.007  t +0.70  by year {2019: -0.02, 2020: -0.04, 2021: 0.02, 2022: 0.0, 2023: 0.05, 2024: 0.02, 2025: 0.01, 2026: 0.01}
   mom20  mean +0.015  t +1.62  by year {2019: 0.04, 2020: -0.03, 2021: 0.01, 2022: 0.06, 2023: 0.03, 2024: 0.0, 2025: -0.0, 2026: 0.0}
   asia   mean +0.020  t +2.10  by year {2019: -0.01, 2020: 0.01, 2021: 0.0, 2022: 0.03, 2023: 0.02, 2024: 0.05, 2025: 0.04, 2026: 0.0}
   h1     mean +0.010  t +1.04  by year {2019: -0.03, 2020: -0.02, 2021: 0.0, 2022: 0.01, 2023: 0.04, 2024: 0.04, 2025: 0.03, 2026: 0.01}
   usd    mean +0.010  t +1.09  by year {2019: -0.0, 2020: -0.03, 2021: 0.02, 2022: 0.01, 2023: 0.02, 2024: 0.0, 2025: 0.04, 2026: 0.03}
   eur    mean +0.004  t +0.47  by year {2019: -0.0, 2020: -0.03, 2021: 0.01, 2022: -0.0, 2023: -0.02, 2024: 0.03, 2025: 0.01, 2026: 0.05}
   xag    mean +0.001  t +0.10  by year {2019: -0.01, 2020: 0.03, 2021: 0.0, 2022: -0.03, 2023: -0.04, 2024: 0.05, 2025: -0.01, 2026: 0.02}
   ML(2021+) mean +0.017 t +1.55 by year {2021: 0.01, 2022: 0.02, 2023: 0.03, 2024: -0.01, 2025: 0.03, 2026: 0.02}
    {'T': '16:30', 'book': 'mom1', 'n': 1337, 'avgR': -0.015, 'SR': -0.541, 'PF': 0.883, 'net%': -7.17, 'DD%': 9.1, 'yrs_pos': 1, 'R_by_year': {2019: -7.2, 2020: -6.9, 2021: 3.9, 2022: 0.0, 2023: -7.8, 2024: -2.1, 2025: -0.3}}
    {'T': '16:30', 'book': 'asia', 'n': 1358, 'avgR': -0.001, 'SR': -0.123, 'PF': 0.97, 'net%': -1.76, 'DD%': 7.58, 'yrs_pos': 4, 'R_by_year': {2019: -10.8, 2020: -6.6, 2021: 5.0, 2022: 2.4, 2023: -1.4, 2024: 5.2, 2025: 4.9}}
    {'T': '16:30', 'book': 'h1', 'n': 1342, 'avgR': -0.008, 'SR': -0.407, 'PF': 0.908, 'net%': -5.53, 'DD%': 8.46, 'yrs_pos': 3, 'R_by_year': {2019: -8.0, 2020: -6.0, 2021: -2.7, 2022: 3.0, 2023: -1.3, 2024: 2.6, 2025: 2.2}}
    {'T': '16:30', 'book': 'usd', 'n': 1325, 'avgR': -0.02, 'SR': -0.776, 'PF': 0.838, 'net%': -9.93, 'DD%': 11.37, 'yrs_pos': 1, 'R_by_year': {2019: -2.4, 2020: -10.1, 2021: 0.5, 2022: -5.0, 2023: -3.7, 2024: -4.5, 2025: -1.3}}
    {'T': '16:30', 'book': 'usd&asia', 'n': 862, 'avgR': -0.005, 'SR': -0.232, 'PF': 0.934, 'net%': -2.48, 'DD%': 6.47, 'yrs_pos': 3, 'R_by_year': {2019: -4.3, 2020: -7.5, 2021: 3.6, 2022: -0.9, 2023: -1.8, 2024: 2.4, 2025: 4.3}}
    {'T': '16:30', 'book': 'ML', 'n': 955, 'avgR': 0.006, 'SR': 0.252, 'PF': 1.068, 'net%': 2.83, 'DD%': 2.62, 'yrs_pos': 4, 'R_by_year': {2021: 0.5, 2022: 0.4, 2023: 0.5, 2024: -2.6, 2025: 7.0}}
