  sym       leg    n   avgR     t  R_yr  t_first_half  t_second_half yrs_pos
SP500       mon  399  0.051  2.87   2.6          0.63           3.70     6/8
SP500 dip_low20  118  0.126  2.19   1.9          0.95           2.33     7/8
SP500   dip_clv  355  0.051  1.80   2.3          0.83           1.81     5/8
SP500      hi20  613  0.015  1.12   1.2          1.26           0.33     5/8
SP500   prefomc   61  0.038  1.30   0.3          1.50           0.24     4/8
SP500       tom   93 -0.025 -1.59  -0.3         -3.35           1.21     3/8
SP500 ALL prior 1218  0.031  2.92   4.8           NaN            NaN       8
UK100       mon  267  0.018  0.81   0.8          0.40           0.74     5/6
UK100 dip_low20   59  0.073  0.87   0.8          0.84           0.34     4/6
UK100   dip_clv  274  0.027  0.77   1.3         -0.80           1.91     5/6
UK100      hi20  242 -0.021 -0.78  -0.9          0.73          -1.51     2/6
UK100   prefomc   46  0.064  1.39   0.5          1.34           0.48     4/6
UK100       tom   69 -0.017 -0.55  -0.2         -1.80           1.40     3/6
UK100 ALL prior  747  0.007  0.41   0.9           NaN            NaN       4
JP225       mon  191  0.055  2.03   2.8          0.95           1.92     4/5
JP225 dip_low20   36 -0.106 -0.92  -1.0         -1.71           0.27     1/4
JP225   dip_clv  166 -0.013 -0.28  -0.6         -1.75           0.93     1/5
JP225      hi20  182 -0.041 -1.05  -2.0         -0.32          -1.22     1/4
JP225   prefomc   30 -0.007 -0.14  -0.1         -0.96           1.00     2/5
JP225       tom   46 -0.038 -2.23  -0.5         -1.28          -2.13     0/5
JP225 ALL prior  492 -0.017 -0.79  -2.2           NaN            NaN       2
GER40       mon  391  0.011  0.59   0.6         -0.13           1.04     6/8
GER40 dip_low20  106 -0.044 -0.74  -0.6         -1.38           0.34     3/8
GER40   dip_clv  351 -0.030 -1.06  -1.4         -0.18          -1.31     2/8
GER40      hi20  437  0.041  2.23   2.3          1.36           1.78     8/8
GER40   prefomc   61  0.056  1.46   0.4          1.39           0.53     5/8
GER40       tom   93 -0.047 -2.05  -0.6         -2.57          -0.01     2/8
GER40 ALL prior 1101  0.004  0.30   0.5           NaN            NaN       5
{'book': 'v2.2', 'K': 6, 'orisk': 3.0, 'n': 6608, 'SR': 1.911, 'CAGR%': 16.86, 'DD%': 7.57, 'dDD%': 2.41, 'mc95': 7.43, 'weekR': 1.16, 'SR_19_22': 1.22, 'SR_23_26': 2.63, 'pass250': 0.66, 'fail': 0.0, 'med_pass_d': 155.0, 'payouts': 25, 'withdrawn$': 114740, 'pay_med_d': 71.0}
{'book': 'v2.2+SP500', 'K': 6, 'orisk': 3.0, 'n': 7747, 'SR': 1.855, 'CAGR%': 18.37, 'DD%': 8.68, 'dDD%': 2.44, 'mc95': 7.97, 'weekR': 1.33, 'SR_19_22': 1.09, 'SR_23_26': 2.67, 'pass250': 0.685, 'fail': 0.0, 'med_pass_d': 136.0, 'payouts': 28, 'withdrawn$': 123109, 'pay_med_d': 47.0}
{'book': 'v2.2+SP500', 'K': 8, 'orisk': 4.0, 'n': 7862, 'SR': 1.861, 'CAGR%': 18.56, 'DD%': 8.68, 'dDD%': 2.48, 'mc95': 7.66, 'weekR': 1.35, 'SR_19_22': 1.11, 'SR_23_26': 2.66, 'pass250': 0.685, 'fail': 0.0, 'med_pass_d': 132.0, 'payouts': 27, 'withdrawn$': 121657, 'pay_med_d': 58.0}
{'book': 'v2.2+UK100', 'K': 6, 'orisk': 3.0, 'n': 7314, 'SR': 1.776, 'CAGR%': 16.56, 'DD%': 7.57, 'dDD%': 2.38, 'mc95': 8.44, 'weekR': 1.12, 'SR_19_22': 1.21, 'SR_23_26': 2.35, 'pass250': 0.742, 'fail': 0.0, 'med_pass_d': 174.0, 'payouts': 25, 'withdrawn$': 112575, 'pay_med_d': 65.0}
{'book': 'v2.2+UK100', 'K': 8, 'orisk': 4.0, 'n': 7396, 'SR': 1.785, 'CAGR%': 16.81, 'DD%': 7.59, 'dDD%': 2.47, 'mc95': 8.32, 'weekR': 1.15, 'SR_19_22': 1.24, 'SR_23_26': 2.34, 'pass250': 0.729, 'fail': 0.0, 'med_pass_d': 168.0, 'payouts': 25, 'withdrawn$': 115441, 'pay_med_d': 75.0}
{'book': 'v2.2+JP225', 'K': 6, 'orisk': 3.0, 'n': 7073, 'SR': 1.724, 'CAGR%': 15.89, 'DD%': 7.83, 'dDD%': 2.42, 'mc95': 8.28, 'weekR': 1.05, 'SR_19_22': 1.14, 'SR_23_26': 2.28, 'pass250': 0.606, 'fail': 0.0, 'med_pass_d': 143.5, 'payouts': 23, 'withdrawn$': 109018, 'pay_med_d': 67.0}
{'book': 'v2.2+JP225', 'K': 8, 'orisk': 4.0, 'n': 7148, 'SR': 1.737, 'CAGR%': 16.18, 'DD%': 7.97, 'dDD%': 2.46, 'mc95': 8.22, 'weekR': 1.08, 'SR_19_22': 1.17, 'SR_23_26': 2.28, 'pass250': 0.607, 'fail': 0.0, 'med_pass_d': 141.0, 'payouts': 23, 'withdrawn$': 105045, 'pay_med_d': 57.0}
{'book': 'v2.2+GER40', 'K': 6, 'orisk': 3.0, 'n': 7656, 'SR': 1.74, 'CAGR%': 16.46, 'DD%': 10.49, 'dDD%': 2.44, 'mc95': 8.54, 'weekR': 1.11, 'SR_19_22': 0.98, 'SR_23_26': 2.54, 'pass250': 0.665, 'fail': 0.014, 'med_pass_d': 160.0, 'payouts': 24, 'withdrawn$': 108913, 'pay_med_d': 53.5}
{'book': 'v2.2+GER40', 'K': 8, 'orisk': 4.0, 'n': 7746, 'SR': 1.75, 'CAGR%': 16.72, 'DD%': 10.61, 'dDD%': 2.42, 'mc95': 8.64, 'weekR': 1.14, 'SR_19_22': 1.04, 'SR_23_26': 2.5, 'pass250': 0.676, 'fail': 0.012, 'med_pass_d': 159.0, 'payouts': 25, 'withdrawn$': 113041, 'pay_med_d': 68.0}
{'book': 'v2.2+SP500+UK100+JP225', 'K': 6, 'orisk': 3.0, 'n': 8714, 'SR': 1.504, 'CAGR%': 16.09, 'DD%': 8.68, 'dDD%': 2.8, 'mc95': 9.62, 'weekR': 1.07, 'SR_19_22': 1.05, 'SR_23_26': 1.95, 'pass250': 0.721, 'fail': 0.0, 'med_pass_d': 161.0, 'payouts': 23, 'withdrawn$': 102926, 'pay_med_d': 50.0}
{'book': 'v2.2+SP500+UK100+JP225', 'K': 8, 'orisk': 4.0, 'n': 8931, 'SR': 1.496, 'CAGR%': 16.07, 'DD%': 8.68, 'dDD%': 2.79, 'mc95': 9.52, 'weekR': 1.07, 'SR_19_22': 1.03, 'SR_23_26': 1.95, 'pass250': 0.697, 'fail': 0.0, 'med_pass_d': 155.0, 'payouts': 22, 'withdrawn$': 97363, 'pay_med_d': 62.5}
                  book  K  orisk    n    SR  CAGR%   DD%  dDD%  mc95  weekR  SR_19_22  SR_23_26  pass250  fail  med_pass_d  payouts  withdrawn$  pay_med_d
                  v2.2  6    3.0 6608 1.911  16.86  7.57  2.41  7.43   1.16      1.22      2.63    0.660 0.000       155.0       25      114740       71.0
            v2.2+SP500  6    3.0 7747 1.855  18.37  8.68  2.44  7.97   1.33      1.09      2.67    0.685 0.000       136.0       28      123109       47.0
            v2.2+SP500  8    4.0 7862 1.861  18.56  8.68  2.48  7.66   1.35      1.11      2.66    0.685 0.000       132.0       27      121657       58.0
            v2.2+UK100  6    3.0 7314 1.776  16.56  7.57  2.38  8.44   1.12      1.21      2.35    0.742 0.000       174.0       25      112575       65.0
            v2.2+UK100  8    4.0 7396 1.785  16.81  7.59  2.47  8.32   1.15      1.24      2.34    0.729 0.000       168.0       25      115441       75.0
            v2.2+JP225  6    3.0 7073 1.724  15.89  7.83  2.42  8.28   1.05      1.14      2.28    0.606 0.000       143.5       23      109018       67.0
            v2.2+JP225  8    4.0 7148 1.737  16.18  7.97  2.46  8.22   1.08      1.17      2.28    0.607 0.000       141.0       23      105045       57.0
            v2.2+GER40  6    3.0 7656 1.740  16.46 10.49  2.44  8.54   1.11      0.98      2.54    0.665 0.014       160.0       24      108913       53.5
            v2.2+GER40  8    4.0 7746 1.750  16.72 10.61  2.42  8.64   1.14      1.04      2.50    0.676 0.012       159.0       25      113041       68.0
v2.2+SP500+UK100+JP225  6    3.0 8714 1.504  16.09  8.68  2.80  9.62   1.07      1.05      1.95    0.721 0.000       161.0       23      102926       50.0
v2.2+SP500+UK100+JP225  8    4.0 8931 1.496  16.07  8.68  2.79  9.52   1.07      1.03      1.95    0.697 0.000       155.0       22       97363       62.5
