                   event      n  per_day  VOL_1.5_2.25  VOL_2.0_3.0  VOL_3.0_4.5  VOL_2.0_2.0  STRUCT  t_VOL_2.0_3.0  t_STRUCT  R23_2024-12  R23_2025-07  R23_2026-01
       ma:CHoCH_reversal    280     0.64         0.048        0.051       -0.016        0.080   0.008            0.7       0.2        0.312       -0.029       -0.060
       me:pullback_to_HL    566     1.29         0.017        0.017        0.014        0.002  -0.043            0.3      -1.0        0.149       -0.034       -0.024
   ma:BOS_with_structure    472     1.07        -0.017        0.007       -0.002       -0.036  -0.013            0.1      -0.3        0.052       -0.063        0.046
            ma:SR_bounce   2748     6.25        -0.001        0.004       -0.001       -0.003   0.012            0.2       0.7        0.053       -0.031        0.001
    day:PDH_sweep_reject    758     1.72        -0.080       -0.000        0.036       -0.023  -0.027           -0.0      -0.7        0.164       -0.128        0.014
           day:PDH_break   1515     3.44        -0.093       -0.006       -0.007       -0.034  -0.039           -0.2      -1.5        0.067       -0.063        0.001
            ma:BOS_mixed    444     1.01        -0.056       -0.006        0.079       -0.062   0.086           -0.1       2.1       -0.122        0.025        0.067
     h1trend:with+me_BOS    463     1.05        -0.114       -0.008        0.066       -0.068   0.040           -0.1       0.9        0.049        0.166       -0.187
   me:BOS_with_structure    960     2.18        -0.062       -0.010        0.010       -0.040  -0.003           -0.3      -0.1        0.082        0.077       -0.128
          ma:SR_breakout   1794     4.08        -0.025       -0.022       -0.042       -0.030  -0.020           -0.8      -0.9       -0.044       -0.040       -0.009
        mi:fade_breakout   1432     3.25        -0.036       -0.024        0.038       -0.004  -0.003           -0.8      -0.1       -0.004        0.071       -0.105
            h1trend:with  82198   186.81        -0.056       -0.032       -0.023       -0.042  -0.030           -7.8      -8.7       -0.045       -0.026       -0.026
          me:SR_breakout   5660    12.86        -0.028       -0.035       -0.024       -0.033  -0.014           -2.3      -1.2        0.028       -0.061       -0.049
            me:SR_bounce   8559    19.45        -0.050       -0.037       -0.023       -0.036  -0.018           -2.9      -1.8        0.003       -0.065       -0.040
            me:BOS_mixed   1029     2.34        -0.021       -0.040       -0.037       -0.039  -0.052           -1.1      -1.9        0.040       -0.035       -0.079
   mi:BOS_with_structure   2327     5.29        -0.061       -0.043        0.008       -0.045  -0.007           -1.7      -0.4        0.023       -0.051       -0.085
            mi:BOS_mixed   2199     5.00        -0.076       -0.044       -0.010       -0.056  -0.040           -1.7      -2.0       -0.076       -0.017       -0.044
          mi:SR_breakout  14277    32.45        -0.055       -0.046       -0.033       -0.046  -0.030           -4.7      -3.9       -0.019       -0.079       -0.041
            mi:SR_bounce  20227    45.97        -0.062       -0.048       -0.035       -0.047  -0.035           -5.8      -5.3       -0.029       -0.068       -0.046
     ALL bars (baseline) 212224      NaN        -0.069       -0.050       -0.036       -0.053  -0.048            NaN       NaN          NaN          NaN          NaN
        me:fade_breakout    671     1.52        -0.087       -0.053        0.004       -0.077  -0.170           -1.2      -4.4       -0.149        0.027       -0.037
       me:CHoCH_reversal    671     1.52        -0.068       -0.070       -0.083       -0.037  -0.066           -1.5      -2.0        0.015       -0.136       -0.096
   day:PDL_sweep_reclaim    597     1.36        -0.120       -0.120       -0.113       -0.142  -0.124           -2.6      -3.0        0.057       -0.037       -0.211
        ma:fade_breakout    280     0.64        -0.230       -0.121       -0.067       -0.161  -0.119           -1.8      -2.1       -0.318       -0.155        0.016
       mi:pullback_to_HL   1191     2.71        -0.172       -0.147       -0.079       -0.127  -0.016           -4.4      -0.6       -0.194       -0.177       -0.117
       mi:CHoCH_reversal   1432     3.25        -0.134       -0.150       -0.117       -0.094  -0.113           -4.9      -4.6       -0.124       -0.287       -0.072
       ma:pullback_to_HL    253     0.57        -0.056       -0.173       -0.144       -0.066  -0.146           -2.4      -2.6       -0.152       -0.478       -0.069
h1trend:with+ma_pullback    124     0.28        -0.152       -0.230       -0.228       -0.156  -0.206           -2.3      -2.6       -0.563       -0.537       -0.019
