=== EXP-030 intraday momentum (bps) ===
prevclose->10:00  -> 20:00->23:30  corr +0.046  signed +0.75 bps t +0.99  yrs+ 6/8
prevclose->10:00  -> 22:00->23:30  corr +0.160  signed +0.79 bps t +1.88  yrs+ 5/8
prevclose->10:00  -> 17:00->23:30  corr +0.065  signed +0.49 bps t +0.38  yrs+ 4/8
01:05->16:30      -> 20:00->23:30  corr +0.032  signed +0.80 bps t +1.06  yrs+ 5/8
01:05->16:30      -> 22:00->23:30  corr +0.108  signed +0.89 bps t +2.11  yrs+ 6/8
01:05->16:30      -> 17:00->23:30  corr +0.044  signed +1.12 bps t +0.87  yrs+ 5/8
NY 16:30->17:00   -> 20:00->23:30  corr +0.015  signed -0.37 bps t -0.48  yrs+ 3/8
NY 16:30->17:00   -> 22:00->23:30  corr +0.008  signed +0.34 bps t +0.82  yrs+ 6/8
NY 16:30->17:00   -> 17:00->23:30  corr +0.045  signed +0.17 bps t +0.13  yrs+ 3/8
16:30->20:00      -> 20:00->23:30  corr -0.011  signed +0.67 bps t +0.88  yrs+ 6/8
16:30->20:00      -> 22:00->23:30  corr +0.028  signed +1.05 bps t +2.50  yrs+ 7/8
01:05->20:00      -> 20:00->23:30  corr +0.019  signed +0.23 bps t +0.31  yrs+ 6/8
01:05->20:00      -> 22:00->23:30  corr +0.102  signed +0.67 bps t +1.59  yrs+ 6/8

=== EXP-031 pre-news drift: return from T-h to T-10min (bps) ===
FOMC   1h before: n   63 mean  -0.48 bps t -0.28  yrs+ 4/8
FOMC   3h before: n   63 mean  +0.40 bps t +0.14  yrs+ 2/8
FOMC   6h before: n   63 mean  +0.36 bps t +0.06  yrs+ 5/8
FOMC  24h before: n   63 mean +10.89 bps t +1.04  yrs+ 5/8
NFP    1h before: n   91 mean  -4.07 bps t -2.33  yrs+ 1/8
NFP    3h before: n   91 mean  -0.50 bps t -0.26  yrs+ 2/8
NFP    6h before: n   91 mean  -0.11 bps t -0.03  yrs+ 5/8
NFP   24h before: n   91 mean  +8.45 bps t +1.02  yrs+ 4/8
CPI    1h before: n   92 mean  -0.16 bps t -0.08  yrs+ 4/8
CPI    3h before: n   92 mean  +0.50 bps t +0.18  yrs+ 4/8
CPI    6h before: n   92 mean  +3.72 bps t +0.85  yrs+ 5/8
CPI   24h before: n   92 mean  +1.07 bps t +0.12  yrs+ 5/8
ALL    1h before: n 2504 mean  +0.09 bps t +0.16  yrs+ 5/8
ALL    3h before: n 2504 mean  +1.73 bps t +1.99  yrs+ 6/8
ALL    6h before: n 2504 mean  +2.58 bps t +2.30  yrs+ 5/8
ALL   24h before: n 2504 mean  +8.73 bps t +4.33  yrs+ 7/8
