donchian done
ema_state done
tsmom done
week_break done
rsi2 done
bollinger_mr done
turn_of_month done
weekday done
configs 512; all 4 eras positive: 4
                                                                                     cfg    n  tr_per_yr    wr  avgR    t    SR  net%   DD%  yrs_pos  n_yrs  R_2008  R_2013  R_2019  R_2023
                                           weekday|{"dow": 4, "direction": 1, "sl": 1.5}  928       49.6 0.547 0.037 2.45 0.573 17.98  3.59       16     19   0.053   0.019   0.026   0.054
                           bollinger_mr|{"sl": 2.0, "tp": 2.0, "hold": 10, "both": true}   63        3.4 0.540 0.120 1.20 0.319  3.96  1.50       10     18   0.098   0.257   0.008   0.117
                            turn_of_month|{"days_before": 0, "days_after": 3, "sl": 2.0}  218       11.7 0.528 0.058 1.19 0.293  6.36  3.49       12     19   0.008   0.002   0.143   0.115
                          bollinger_mr|{"sl": 2.0, "tp": 2.0, "hold": 10, "both": false}   44        2.4 0.545 0.115 0.98 0.254  2.64  1.78        7     14   0.066   0.503   0.010   0.196
donchian|{"n": 55, "sl": 2.0, "trail": 3.0, "hold": 20, "filt": "ema200", "both": false}   69        3.7 0.493 0.343 1.87 0.482 11.70  3.69        9     18   0.176  -0.495   0.691   0.835
    donchian|{"n": 55, "sl": 2.0, "trail": 3.0, "hold": 20, "filt": null, "both": false}   71        3.8 0.479 0.319 1.76 0.454 11.10  3.89        9     19   0.176  -0.496   0.691   0.835
                            turn_of_month|{"days_before": 0, "days_after": 1, "sl": 3.0}  217       11.6 0.539 0.040 1.71 0.366  3.93  1.58       13     19  -0.001   0.001   0.112   0.076
                            turn_of_month|{"days_before": 0, "days_after": 1, "sl": 2.0}  218       11.7 0.537 0.059 1.69 0.402  6.53  2.38       12     19  -0.000   0.010   0.179   0.079
donchian|{"n": 55, "sl": 3.0, "trail": 3.0, "hold": 20, "filt": "ema200", "both": false}   68        3.6 0.500 0.215 1.68 0.442  6.96  2.70        8     18   0.066  -0.382   0.576   0.530
    donchian|{"n": 55, "sl": 3.0, "trail": 3.0, "hold": 20, "filt": null, "both": false}   70        3.7 0.486 0.199 1.58 0.419  6.67  2.80        8     19   0.066  -0.376   0.576   0.530
   ema_state|{"fast": 10, "slow": 50, "sl": 2.0, "trail": 0.0, "hold": 1, "both": false} 2735      146.3 0.527 0.010 1.57 0.374 14.19  7.51       12     19   0.004  -0.013   0.013   0.034
   ema_state|{"fast": 10, "slow": 50, "sl": 2.0, "trail": 4.0, "hold": 1, "both": false} 2735      146.3 0.527 0.010 1.57 0.374 14.19  7.51       12     19   0.004  -0.013   0.013   0.034
  ema_state|{"fast": 50, "slow": 100, "sl": 2.0, "trail": 0.0, "hold": 1, "both": false} 3119      166.8 0.525 0.009 1.46 0.355 14.00 10.14        9     19   0.004  -0.018   0.009   0.032
  ema_state|{"fast": 50, "slow": 100, "sl": 2.0, "trail": 4.0, "hold": 1, "both": false} 3119      166.8 0.525 0.009 1.46 0.355 14.00 10.14        9     19   0.004  -0.018   0.009   0.032
   ema_state|{"fast": 10, "slow": 50, "sl": 3.0, "trail": 0.0, "hold": 1, "both": false} 2729      145.9 0.527 0.006 1.45 0.358  8.75  4.54       12     19   0.003  -0.009   0.006   0.022
   ema_state|{"fast": 10, "slow": 50, "sl": 3.0, "trail": 4.0, "hold": 1, "both": false} 2729      145.9 0.527 0.006 1.45 0.358  8.75  4.54       12     19   0.003  -0.009   0.006   0.022
  ema_state|{"fast": 20, "slow": 100, "sl": 2.0, "trail": 0.0, "hold": 1, "both": false} 3041      162.6 0.523 0.009 1.42 0.350 13.69  9.07       10     18   0.002  -0.017   0.011   0.032
  ema_state|{"fast": 20, "slow": 100, "sl": 2.0, "trail": 4.0, "hold": 1, "both": false} 3041      162.6 0.523 0.009 1.42 0.350 13.69  9.07       10     18   0.002  -0.017   0.011   0.032
 donchian|{"n": 55, "sl": 2.0, "trail": 3.0, "hold": 20, "filt": "ema200", "both": true}  105        5.6 0.448 0.189 1.41 0.354  9.98  4.53       13     19   0.031  -0.099   0.361   0.611
   ema_state|{"fast": 20, "slow": 50, "sl": 2.0, "trail": 0.0, "hold": 1, "both": false} 2798      149.6 0.526 0.009 1.41 0.341 12.92  6.36       10     19   0.003  -0.010   0.006   0.034
   ema_state|{"fast": 20, "slow": 50, "sl": 2.0, "trail": 4.0, "hold": 1, "both": false} 2798      149.6 0.526 0.009 1.41 0.341 12.92  6.36       10     19   0.003  -0.010   0.006   0.034
  ema_state|{"fast": 50, "slow": 100, "sl": 3.0, "trail": 0.0, "hold": 1, "both": false} 3113      166.5 0.524 0.005 1.35 0.345  8.83  6.52        9     19   0.003  -0.013   0.004   0.022
  ema_state|{"fast": 50, "slow": 100, "sl": 3.0, "trail": 4.0, "hold": 1, "both": false} 3113      166.5 0.524 0.005 1.35 0.345  8.83  6.52        9     19   0.003  -0.013   0.004   0.022
  ema_state|{"fast": 20, "slow": 100, "sl": 3.0, "trail": 0.0, "hold": 1, "both": false} 3035      162.3 0.522 0.005 1.32 0.332  8.41  5.77       10     18   0.002  -0.012   0.005   0.022
  ema_state|{"fast": 20, "slow": 100, "sl": 3.0, "trail": 4.0, "hold": 1, "both": false} 3035      162.3 0.522 0.005 1.32 0.332  8.41  5.77       10     18   0.002  -0.012   0.005   0.022
   ema_state|{"fast": 20, "slow": 50, "sl": 3.0, "trail": 0.0, "hold": 1, "both": false} 2791      149.3 0.526 0.006 1.31 0.324  7.97  3.78       11     19   0.002  -0.007   0.002   0.023
   ema_state|{"fast": 20, "slow": 50, "sl": 3.0, "trail": 4.0, "hold": 1, "both": false} 2791      149.3 0.526 0.006 1.31 0.324  7.97  3.78       11     19   0.002  -0.007   0.002   0.023
  ema_state|{"fast": 10, "slow": 200, "sl": 2.0, "trail": 0.0, "hold": 1, "both": false} 3170      169.5 0.523 0.007 1.20 0.291 11.40  8.98       10     19   0.005  -0.018   0.003   0.027
  ema_state|{"fast": 10, "slow": 200, "sl": 2.0, "trail": 4.0, "hold": 1, "both": false} 3170      169.5 0.523 0.007 1.20 0.291 11.40  8.98       10     19   0.005  -0.018   0.003   0.027
  ema_state|{"fast": 50, "slow": 200, "sl": 2.0, "trail": 0.0, "hold": 1, "both": false} 3230      172.7 0.525 0.007 1.19 0.309 12.11  7.45        8     17   0.003  -0.006   0.001   0.023

best per family:
                                                                                     cfg    n   avgR     t     SR  yrs_pos  n_yrs  R_2008  R_2013  R_2019  R_2023
                                           weekday|{"dow": 4, "direction": 1, "sl": 1.5}  928  0.037  2.45  0.573       16     19   0.053   0.019   0.026   0.054
                           bollinger_mr|{"sl": 2.0, "tp": 2.0, "hold": 10, "both": true}   63  0.120  1.20  0.319       10     18   0.098   0.257   0.008   0.117
                            turn_of_month|{"days_before": 0, "days_after": 3, "sl": 2.0}  218  0.058  1.19  0.293       12     19   0.008   0.002   0.143   0.115
donchian|{"n": 55, "sl": 2.0, "trail": 3.0, "hold": 20, "filt": "ema200", "both": false}   69  0.343  1.87  0.482        9     18   0.176  -0.495   0.691   0.835
   ema_state|{"fast": 10, "slow": 50, "sl": 2.0, "trail": 0.0, "hold": 1, "both": false} 2735  0.010  1.57  0.374       12     19   0.004  -0.013   0.013   0.034
                      week_break|{"sl": 1.5, "trail": 2.5, "hold": 10, "filt": "ema100"}  240  0.035  0.44  0.104        9     19  -0.200   0.006   0.003   0.447
                 rsi2|{"lo": 5, "hi": 95, "sl": 3.0, "tp": 2.0, "hold": 5, "both": true}   92 -0.015 -0.35 -0.080       10     19   0.084  -0.207   0.012   0.023
                            tsmom|{"look": "ret20", "sl": 2.0, "hold": 5, "both": false}  500 -0.041 -1.22 -0.301        7     19   0.001  -0.280  -0.020   0.130
