                   event      n  per_day  VOL_1.5_2.25  VOL_2.0_3.0  VOL_3.0_4.5  VOL_2.0_2.0  STRUCT  t_VOL_2.0_3.0  t_STRUCT  R23_2019  R23_2020  R23_2021  R23_2022  R23_2023  R23_2024  R23_2025  R23_2026
   ma:BOS_with_structure   2092     1.05        -0.114       -0.096       -0.083       -0.100  -0.070           -3.8      -3.5    -0.149    -0.053    -0.015    -0.185    -0.217    -0.139    -0.010     0.046
     h1trend:with+me_BOS   1841     0.92        -0.183       -0.112       -0.066       -0.145  -0.047           -4.1      -2.0    -0.278    -0.413    -0.095     0.035    -0.166     0.034     0.070    -0.187
           day:PDH_break   6767     3.39        -0.164       -0.114       -0.073       -0.119  -0.120           -8.1     -10.0    -0.266    -0.104    -0.166    -0.055    -0.202    -0.102    -0.013     0.011
       ma:CHoCH_reversal   1529     0.77        -0.165       -0.115       -0.056       -0.106  -0.046           -3.9      -2.2    -0.204    -0.163    -0.190     0.082    -0.225    -0.148     0.121    -0.060
   day:PDL_sweep_reclaim   2758     1.38        -0.172       -0.115       -0.058       -0.124  -0.141           -5.3      -7.5    -0.132    -0.048    -0.103    -0.148    -0.215     0.016     0.003    -0.211
            ma:BOS_mixed   2320     1.16        -0.169       -0.122       -0.079       -0.140  -0.066           -5.0      -3.5    -0.158    -0.175    -0.224     0.008    -0.217    -0.129    -0.029     0.061
            ma:SR_bounce  14571     7.30        -0.168       -0.127       -0.086       -0.123  -0.105          -13.6     -14.0    -0.212    -0.150    -0.153    -0.148    -0.180    -0.102    -0.015     0.002
            h1trend:with 363759   182.15        -0.180       -0.128       -0.081       -0.133  -0.112          -66.6     -68.7    -0.260    -0.174    -0.180    -0.107    -0.131    -0.094    -0.044    -0.026
   me:BOS_with_structure   4308     2.16        -0.197       -0.131       -0.094       -0.149  -0.069           -7.3      -4.9    -0.251    -0.228    -0.229    -0.119    -0.168     0.000     0.065    -0.122
          me:SR_breakout  27452    13.75        -0.168       -0.135       -0.092       -0.136  -0.116          -19.5     -21.2    -0.269    -0.186    -0.150    -0.120    -0.128    -0.104    -0.025    -0.047
       me:CHoCH_reversal   3391     1.70        -0.162       -0.137       -0.081       -0.134  -0.058           -6.9      -3.9    -0.283    -0.291    -0.073    -0.100    -0.017    -0.138    -0.074    -0.096
            me:SR_bounce  41567    20.81        -0.183       -0.139       -0.090       -0.138  -0.111          -24.9     -25.0    -0.280    -0.196    -0.154    -0.115    -0.144    -0.097    -0.040    -0.040
    day:PDH_sweep_reject   3383     1.69        -0.202       -0.144       -0.083       -0.144  -0.167           -7.3      -9.4    -0.261    -0.135    -0.149    -0.165    -0.240    -0.184    -0.012     0.042
          ma:SR_breakout   9016     4.51        -0.181       -0.144       -0.103       -0.138  -0.117          -12.2     -12.2    -0.250    -0.144    -0.232    -0.160    -0.152    -0.110    -0.051    -0.010
          mi:SR_breakout  66197    33.15        -0.194       -0.148       -0.102       -0.148  -0.116          -32.8     -32.0    -0.274    -0.198    -0.165    -0.137    -0.182    -0.106    -0.052    -0.040
            mi:SR_bounce  93965    47.05        -0.197       -0.150       -0.103       -0.148  -0.120          -39.8     -39.3    -0.280    -0.203    -0.155    -0.133    -0.182    -0.123    -0.051    -0.046
     ALL bars (baseline) 949740      NaN        -0.201       -0.151       -0.102       -0.150  -0.132            NaN       NaN       NaN       NaN       NaN       NaN       NaN       NaN       NaN       NaN
        me:fade_breakout   3391     1.70        -0.203       -0.153       -0.105       -0.142  -0.284           -7.7     -16.3    -0.321    -0.118    -0.189    -0.163    -0.217    -0.059    -0.062    -0.037
   mi:BOS_with_structure  10254     5.13        -0.215       -0.153       -0.084       -0.160  -0.074          -13.2      -8.2    -0.283    -0.194    -0.197    -0.181    -0.180    -0.101    -0.005    -0.086
       ma:pullback_to_HL   1368     0.69        -0.180       -0.155       -0.051       -0.142  -0.111           -5.1      -4.4    -0.041    -0.307    -0.070    -0.297    -0.188     0.107    -0.318    -0.069
            mi:BOS_mixed   9899     4.96        -0.209       -0.158       -0.111       -0.157  -0.104          -13.5     -11.2    -0.282    -0.249    -0.184    -0.131    -0.220    -0.085    -0.048    -0.044
        mi:fade_breakout   6566     3.29        -0.206       -0.160       -0.072       -0.162  -0.139          -11.1     -10.9    -0.260    -0.166    -0.232    -0.185    -0.208    -0.142     0.038    -0.106
       mi:CHoCH_reversal   6566     3.29        -0.201       -0.162       -0.123       -0.148  -0.119          -11.2     -10.2    -0.315    -0.151    -0.176    -0.072    -0.126    -0.155    -0.202    -0.069
        ma:fade_breakout   1529     0.77        -0.235       -0.167       -0.102       -0.171  -0.239           -5.8      -9.5    -0.338    -0.188    -0.163    -0.301    -0.001    -0.109    -0.244     0.017
       me:pullback_to_HL   2835     1.42        -0.215       -0.172       -0.137       -0.180  -0.176           -8.0      -8.8    -0.415    -0.181    -0.251    -0.245    -0.245     0.036     0.070    -0.019
       mi:pullback_to_HL   5454     2.73        -0.236       -0.173       -0.107       -0.168  -0.083          -11.0      -6.6    -0.247    -0.098    -0.225    -0.167    -0.192    -0.139    -0.176    -0.118
            me:BOS_mixed   5215     2.61        -0.219       -0.192       -0.132       -0.178  -0.103          -12.0      -8.4    -0.331    -0.228    -0.167    -0.252    -0.222    -0.190    -0.000    -0.079
h1trend:with+ma_pullback    693     0.35        -0.228       -0.200       -0.041       -0.176  -0.099           -4.7      -2.7    -0.185    -0.403    -0.153    -0.224    -0.179     0.051    -0.583    -0.019
events positive (VOL 2/3) in >= 6 of 8 years: []
