ny_orb|DEV                               n= 232 wr=0.52 PF=1.18 net=   7.0% SR= 0.68 DD=4.0% dDD=0.5% mc95=7.56 pass=0.0 fail=0.0 med_days=None
ny_orb|VAL                               n=  77 wr=0.55 PF=1.44 net=   4.2% SR= 1.46 DD=2.6% dDD=0.5% mc95=3.85 pass=0.0 fail=0.0 med_days=None
donchian_us|DEV                          n= 222 wr=0.51 PF=1.52 net=  20.6% SR= 1.54 DD=5.7% dDD=1.0% mc95=6.15 pass=0.08 fail=0.0 med_days=210.5
donchian_us|VAL                          n=  77 wr=0.52 PF=2.01 net=  11.3% SR= 2.57 DD=3.1% dDD=0.7% mc95=3.86 pass=0.0 fail=0.0 med_days=None
pdb_trend|DEV                            n= 202 wr=0.40 PF=1.06 net=   2.8% SR= 0.25 DD=4.9% dDD=0.5% mc95=10.51 pass=0.0 fail=0.0 med_days=None
pdb_trend|VAL                            n=  70 wr=0.49 PF=1.70 net=   8.5% SR= 2.15 DD=2.9% dDD=0.7% mc95=3.94 pass=0.0 fail=0.0 med_days=None
ny_orb+donchian_us|DEV                   n= 353 wr=0.52 PF=1.32 net=  21.0% SR= 1.35 DD=4.9% dDD=1.0% mc95=8.47 pass=0.036 fail=0.0 med_days=217.5
ny_orb+donchian_us|VAL                   n= 117 wr=0.53 PF=1.60 net=  10.8% SR= 2.22 DD=2.7% dDD=0.6% mc95=5.02 pass=0.0 fail=0.0 med_days=None
ny_orb+donchian_us+pdb_trend|DEV         n= 554 wr=0.47 PF=1.20 net=  23.0% SR= 1.14 DD=6.0% dDD=1.2% mc95=11.72 pass=0.05 fail=0.0 med_days=178.5
ny_orb+donchian_us+pdb_trend|VAL         n= 184 wr=0.51 PF=1.64 net=  19.6% SR= 2.96 DD=2.9% dDD=1.0% mc95=5.54 pass=0.503 fail=0.0 med_days=110.0
ny_orb+donchian_us+pdb_long|DEV          n= 526 wr=0.51 PF=1.34 net=  32.7% SR= 1.70 DD=5.6% dDD=1.1% mc95=8.88 pass=0.202 fail=0.0 med_days=167.5
ny_orb+donchian_us+pdb_long|VAL          n= 189 wr=0.52 PF=1.51 net=  14.0% SR= 2.34 DD=2.8% dDD=0.9% mc95=5.67 pass=0.269 fail=0.0 med_days=133.0
Traceback (most recent call last):
  File "D:\mt5-automate-trading\research\portfolio.py", line 53, in <module>
    lab.save_experiment("EXP-005", {"legs": LEGS, "combos": combos}, results,
  File "D:\mt5-automate-trading\research\lab.py", line 93, in save_experiment
    r.trades.to_csv(d / f"trades_{per}.csv", index=False)
  File "C:\Users\ahmet\AppData\Local\Programs\Python\Python311\Lib\site-packages\pandas\core\generic.py", line 3976, in to_csv
    return DataFrameRenderer(formatter).to_csv(
           ^^^^^^^^^^^^^^^^^^^^^^^^^^^^^^^^^^^^
  File "C:\Users\ahmet\AppData\Local\Programs\Python\Python311\Lib\site-packages\pandas\io\formats\format.py", line 1025, in to_csv
    csv_formatter.save()
  File "C:\Users\ahmet\AppData\Local\Programs\Python\Python311\Lib\site-packages\pandas\io\formats\csvs.py", line 251, in save
    with get_handle(
         ^^^^^^^^^^^
  File "C:\Users\ahmet\AppData\Local\Programs\Python\Python311\Lib\site-packages\pandas\io\common.py", line 930, in get_handle
    handle = open(
             ^^^^^
OSError: [Errno 22] Invalid argument: 'D:\\mt5-automate-trading\\reports\\EXP-005\\trades_ny_orb+donchian_us+pdb_trend|DEV.csv'
