
## ny_orb
 family       param     value  is_base  dev_n  dev_sr  val_n  val_sr  dev_pf  val_pf
ny_orb    or_start       930    False    211    0.54     77   -1.29    1.14    0.73
ny_orb    or_start       990     True    144    1.46     53    2.29    1.57    1.94
ny_orb     or_bars         1    False    163    0.80     60    0.60    1.26    1.16
ny_orb     or_bars         2     True    144    1.46     53    2.29    1.57    1.94
ny_orb     or_bars         4    False     83    1.26     35    1.53    1.70    1.72
ny_orb         end      1080     True    144    1.46     53    2.29    1.57    1.94
ny_orb         end      1200    False    230    0.88     77    1.65    1.24    1.48
ny_orb         end      1320    False    259    1.06     82    1.77    1.28    1.51
ny_orb      sl_atr       1.0    False    144    0.79     53    0.13    1.25    1.03
ny_orb      sl_atr       1.5    False    144    1.28     53    1.83    1.45    1.64
ny_orb      sl_atr       2.0     True    144    1.46     53    2.29    1.57    1.94
ny_orb      sl_atr       3.0    False    144    1.78     52    1.77    1.85    1.74
ny_orb       trend   against    False     92   -0.91     32   -0.35    0.70    0.88
ny_orb       trend long_only    False    170   -0.16     62    2.10    0.95    1.75
ny_orb       trend      none    False    334   -0.08    106    1.97    0.98    1.48
ny_orb       trend      with     True    144    1.46     53    2.29    1.57    1.94
ny_orb min_rng_atr       0.3    False    147    1.38     54    2.31    1.52    1.94
ny_orb min_rng_atr       0.5    False    147    1.38     54    2.31    1.52    1.94
ny_orb min_rng_atr       1.0     True    144    1.46     53    2.29    1.57    1.94
ny_orb max_rng_atr       3.0    False    135    1.31     52    2.34    1.52    1.98
ny_orb max_rng_atr       5.0     True    144    1.46     53    2.29    1.57    1.94
ny_orb max_rng_atr       8.0    False    145    1.50     53    2.29    1.59    1.94
ny_orb          rr       1.0    False    144    1.22     53    2.03    1.44    1.74
ny_orb          rr       1.5     True    144    1.46     53    2.29    1.57    1.94
ny_orb          rr       2.0    False    144    1.35     53    2.10    1.54    1.86
ny_orb          rr       3.0    False    144    1.41     53    2.16    1.60    1.96
ny_orb          rr       5.0    False    144    1.36     53    2.16    1.56    2.01
ny_orb   trail_atr       0.0    False    144    1.57     53    2.12    1.62    1.84
ny_orb   trail_atr       1.0    False    144    0.14     53   -0.70    1.04    0.79
ny_orb   trail_atr       1.5    False    144    0.26     53   -0.08    1.08    0.97
ny_orb   trail_atr       2.0    False    144    1.10     53    1.78    1.42    1.69
ny_orb   trail_atr       3.0     True    144    1.46     53    2.29    1.57    1.94
ny_orb        be_r       0.0     True    144    1.46     53    2.29    1.57    1.94
ny_orb        be_r       1.0    False    144    1.43     53    2.17    1.56    1.88
ny_orb    hold_min       120    False    144    1.39     53    1.13    1.56    1.41
ny_orb    hold_min       240     True    144    1.46     53    2.29    1.57    1.94
ny_orb    hold_min       480    False    144    1.28     53    2.49    1.49    2.10
ny_orb    hold_min        60    False    144    0.76     53    0.84    1.28    1.30

## donchian
   family         param     value  is_base  dev_n  dev_sr  val_n  val_sr  dev_pf  val_pf
donchian             n        16    False    175    1.00     60    0.36    1.37    1.10
donchian             n        32     True    180    1.16     72    2.14    1.43    1.83
donchian             n        48    False    161    1.54     74    1.54    1.67    1.49
donchian             n         8    False    108    1.12     31    1.41    1.56    1.74
donchian        sl_atr       1.0    False    180    0.59     72    0.41    1.18    1.10
donchian        sl_atr       1.5    False    180    1.14     72    1.58    1.40    1.53
donchian        sl_atr       2.0     True    180    1.16     72    2.14    1.43    1.83
donchian        sl_atr       3.0    False    180    1.14     72    2.01    1.45    1.80
donchian         start       120    False    100   -1.25    137    1.65    0.62    1.33
donchian         start       600    False    120   -1.13    106    1.00    0.66    1.23
donchian         start       900     True    180    1.16     72    2.14    1.43    1.83
donchian           end      1200    False    154    1.02     64    2.30    1.39    1.98
donchian           end      1320     True    180    1.16     72    2.14    1.43    1.83
donchian           end       900    False      0    0.00      0    0.00     inf     inf
donchian         trend long_only    False    193    0.51     71    0.54    1.15    1.14
donchian         trend      none    False    394   -0.01    124    0.24    0.99    1.04
donchian         trend      with     True    180    1.16     72    2.14    1.43    1.83
donchian       per_day         1     True    180    1.16     72    2.14    1.43    1.83
donchian       per_day         2    False    222    1.45     77    2.25    1.50    1.86
donchian       per_day         3    False    237    1.30     83    1.78    1.41    1.60
donchian min_width_atr       0.0    False    192    1.34     80    0.99    1.49    1.27
donchian min_width_atr       2.0    False    194    1.37     80    0.99    1.50    1.27
donchian min_width_atr       4.0     True    180    1.16     72    2.14    1.43    1.83
donchian            rr       1.0    False    180    0.62     72    2.12    1.18    1.63
donchian            rr       1.5    False    180    0.96     72    1.85    1.30    1.58
donchian            rr       2.0    False    180    1.12     72    1.86    1.38    1.62
donchian            rr       3.0     True    180    1.16     72    2.14    1.43    1.83
donchian            rr       5.0    False    180    1.24     72    2.10    1.49    1.82
donchian     trail_atr       0.0     True    180    1.16     72    2.14    1.43    1.83
donchian     trail_atr       1.0    False    180    0.37     72   -1.47    1.12    0.67
donchian     trail_atr       1.5    False    180    0.91     72    1.70    1.35    1.64
donchian     trail_atr       2.0    False    180    0.98     72    1.53    1.36    1.56
donchian     trail_atr       3.0    False    180    1.13     72    2.35    1.42    1.96
donchian          be_r       0.0     True    180    1.16     72    2.14    1.43    1.83
donchian          be_r       1.0    False    180    1.04     72    2.01    1.39    1.79
donchian      hold_min       120    False    180    1.21     72    1.66    1.46    1.60
donchian      hold_min       240     True    180    1.16     72    2.14    1.43    1.83
donchian      hold_min       480    False    180    1.16     72    2.61    1.42    2.06
donchian      hold_min        60    False    180    0.70     72    1.21    1.24    1.41

## prev_day_break
         family      param     value  is_base  dev_n  dev_sr  val_n  val_sr  dev_pf  val_pf
prev_day_break      start       120     True    174    1.22     74    1.23    1.46    1.36
prev_day_break      start       600    False    100    0.25     31    0.10    1.10    1.04
prev_day_break      start       900    False      0    0.00      0    0.00     inf     inf
prev_day_break        end      1200    False    226    0.86     85    0.86    1.26    1.22
prev_day_break        end      1320    False    234    0.96     86    0.95    1.29    1.24
prev_day_break        end       900     True    174    1.22     74    1.23    1.46    1.36
prev_day_break     sl_atr       1.0    False    174    0.90     74    1.42    1.30    1.40
prev_day_break     sl_atr       1.5    False    174    1.18     74    1.42    1.43    1.42
prev_day_break     sl_atr       2.0     True    174    1.22     74    1.23    1.46    1.36
prev_day_break     sl_atr       3.0    False    174    1.20     74    1.12    1.46    1.32
prev_day_break      trend long_only     True    174    1.22     74    1.23    1.46    1.36
prev_day_break      trend      none    False    311    0.38    111    0.51    1.09    1.11
prev_day_break      trend      with    False    202    0.82     70    1.08    1.26    1.32
prev_day_break buffer_atr       0.0    False    178    0.86     72    1.30    1.31    1.36
prev_day_break buffer_atr       0.1    False    176    0.92     72    0.68    1.34    1.18
prev_day_break buffer_atr       0.3     True    174    1.22     74    1.23    1.46    1.36
prev_day_break         rr       1.0    False    174    1.11     74    1.36    1.38    1.36
prev_day_break         rr       1.5    False    174    1.13     74    1.14    1.40    1.31
prev_day_break         rr       2.0    False    174    1.25     74    1.12    1.46    1.31
prev_day_break         rr       3.0     True    174    1.22     74    1.23    1.46    1.36
prev_day_break         rr       5.0    False    174    1.20     74    1.23    1.46    1.36
prev_day_break  trail_atr       0.0    False    174    1.20     74    0.95    1.45    1.26
prev_day_break  trail_atr       1.0    False    174    0.42     74    1.73    1.14    1.60
prev_day_break  trail_atr       1.5    False    174    0.85     74    1.47    1.31    1.47
prev_day_break  trail_atr       2.0     True    174    1.22     74    1.23    1.46    1.36
prev_day_break  trail_atr       3.0    False    174    1.14     74    0.93    1.42    1.25
prev_day_break       be_r       0.0     True    174    1.22     74    1.23    1.46    1.36
prev_day_break       be_r       1.0    False    174    1.27     74    1.19    1.49    1.35
prev_day_break   hold_min       120    False    174    0.97     74    2.14    1.36    1.73
prev_day_break   hold_min       240    False    174    0.66     74    1.57    1.22    1.51
prev_day_break   hold_min       480    False    174    0.70     73    1.53    1.24    1.52
prev_day_break   hold_min        60     True    174    1.22     74    1.23    1.46    1.36
