
## w=1.5: AUC by block [0.504, 0.504, 0.507, 0.516, 0.51, 0.503, 0.508, 0.536] mean 0.511
   long R by p-decile : {0: -0.092, 1: -0.116, 2: -0.095, 3: -0.088, 4: -0.087, 5: -0.083, 6: -0.075, 7: -0.088, 8: -0.064, 9: -0.062}
   short R by p-decile: {0: -0.056, 1: -0.015, 2: -0.03, 3: -0.034, 4: -0.033, 5: -0.036, 6: -0.04, 7: -0.032, 8: -0.054, 9: -0.065}
   top features: ['h1_trend', 'ma_bars_since', 'news_next_h', 'news_prev_h', 'h1_pos', 'pdh_d', 'round50_d', 'hour', 'mi60_sprmax_r', 'mi60_spr_z', 'atr_bps', 'ma_leg', 'pdl_d', 'ma_behind_d', 'ma_dh']
    VOL_1.5_1.5|d0.02|WF                     n= 165 wr=0.46 PF=0.79 net=  -8.0% SR=-1.38 DD=10.2% dDD=2.2% mc95=14.26 pass=None fail=None med_days=None
    VOL_1.5_1.5|d0.04|WF                     n= 211 wr=0.48 PF=0.84 net=  -8.1% SR=-1.19 DD=9.9% dDD=2.1% mc95=14.68 pass=None fail=None med_days=None
    VOL_1.5_1.5|d0.06|WF                     n= 215 wr=0.47 PF=0.84 net=  -8.1% SR=-1.28 DD=9.0% dDD=2.1% mc95=15.55 pass=None fail=None med_days=None
    VOL_1.5_1.5|d0.08|WF                     n= 272 wr=0.48 PF=0.87 net=  -8.2% SR=-1.09 DD=9.6% dDD=2.5% mc95=16.83 pass=None fail=None med_days=None

## w=2.0: AUC by block [0.525, 0.496, 0.512, 0.531, 0.515, 0.486, 0.5, 0.554] mean 0.515
   long R by p-decile : {0: -0.082, 1: -0.087, 2: -0.085, 3: -0.087, 4: -0.094, 5: -0.078, 6: -0.084, 7: -0.053, 8: -0.052, 9: -0.008}
   short R by p-decile: {0: -0.033, 1: -0.012, 2: -0.007, 3: 0.002, 4: 0.001, 5: -0.006, 6: 0.001, 7: -0.038, 8: -0.036, 9: -0.088}
   top features: ['h1_trend', 'news_next_h', 'ma_bars_since', 'news_prev_h', 'ma_leg', 'h1_pos', 'hour', 'mi60_spr_z', 'pdl_d', 'round50_d', 'pdh_d', 'mi60_sprmax_r', 'atr_bps', 'ma_behind_d', 'ma_ahead_d']
    VOL_2.0_2.0|d0.02|WF                     n= 444 wr=0.51 PF=0.92 net=  -8.0% SR=-0.62 DD=16.9% dDD=2.5% mc95=17.82 pass=None fail=None med_days=None
    VOL_2.0_2.0|d0.04|WF                     n= 341 wr=0.49 PF=0.90 net=  -8.1% SR=-0.70 DD=14.4% dDD=2.5% mc95=18.29 pass=None fail=None med_days=None
    VOL_2.0_2.0|d0.06|WF                     n= 218 wr=0.48 PF=0.85 net=  -8.0% SR=-1.00 DD=11.5% dDD=2.5% mc95=15.73 pass=None fail=None med_days=None
    VOL_2.0_2.0|d0.08|WF                     n= 704 wr=0.50 PF=0.95 net=  -8.0% SR=-0.55 DD=15.9% dDD=2.5% mc95=23.49 pass=None fail=None med_days=None

## w=3.0: AUC by block [0.521, 0.509, 0.524, 0.491, 0.514, 0.502, 0.502, 0.554] mean 0.515
   long R by p-decile : {0: -0.08, 1: -0.046, 2: -0.038, 3: -0.044, 4: -0.04, 5: -0.061, 6: -0.077, 7: -0.067, 8: -0.035, 9: 0.01}
   short R by p-decile: {0: 0.007, 1: -0.016, 2: -0.02, 3: -0.016, 4: -0.018, 5: -0.002, 6: 0.017, 7: 0.007, 8: -0.027, 9: -0.084}
   top features: ['h1_trend', 'news_next_h', 'ma_bars_since', 'news_prev_h', 'mi60_sprmax_r', 'pdl_d', 'ma_leg', 'round50_d', 'h1_pos', 'mi60_spr_z', 'hour', 'pdh_d', 'atr_bps', 'ma_ahead_d', 'ma_behind_d']
    VOL_3.0_3.0|d0.02|WF                     n= 242 wr=0.45 PF=0.84 net=  -8.0% SR=-1.25 DD=8.5% dDD=2.4% mc95=15.88 pass=None fail=None med_days=None
    VOL_3.0_3.0|d0.04|WF                     n= 428 wr=0.48 PF=0.91 net=  -8.1% SR=-0.75 DD=11.1% dDD=2.3% mc95=19.0 pass=None fail=None med_days=None
    VOL_3.0_3.0|d0.06|WF                     n= 592 wr=0.50 PF=0.93 net=  -8.2% SR=-0.68 DD=10.5% dDD=2.4% mc95=20.64 pass=None fail=None med_days=None
    VOL_3.0_3.0|d0.08|WF                     n= 678 wr=0.49 PF=0.94 net=  -8.1% SR=-0.65 DD=14.0% dDD=2.4% mc95=22.98 pass=None fail=None med_days=None

       w  delta  signals    n     SR     PF   avgR  net%    DD%  dDD%  pass120 med_days
0   1.5   0.02    64305  165 -1.382  0.794 -0.115 -8.00  10.19  2.21      0.0     None
1   1.5   0.04    52439  211 -1.190  0.844 -0.079 -8.06   9.93  2.09      0.0     None
2   1.5   0.06    41284  215 -1.276  0.837 -0.087 -8.06   8.99  2.15      0.0     None
3   1.5   0.08    30957  272 -1.090  0.873 -0.072 -8.19   9.57  2.45      0.0     None
4   2.0   0.02    66030  444 -0.622  0.920 -0.024 -8.02  16.91  2.46      0.0     None
5   2.0   0.04    55715  341 -0.705  0.902 -0.058 -8.14  14.39  2.47      0.0     None
6   2.0   0.06    45952  218 -1.002  0.850 -0.088 -8.03  11.47  2.48      0.0     None
7   2.0   0.08    36901  704 -0.548  0.952 -0.027 -8.01  15.94  2.45      0.0     None
8   3.0   0.02    68372  242 -1.249  0.842 -0.083 -8.01   8.50  2.38      0.0     None
9   3.0   0.04    60005  428 -0.754  0.911 -0.046 -8.14  11.07  2.33      0.0     None
10  3.0   0.06    51937  592 -0.677  0.931 -0.028 -8.19  10.51  2.39      0.0     None
11  3.0   0.08    44346  678 -0.653  0.944 -0.033 -8.09  13.96  2.41      0.0     None
