
## w=1.5  AUC=0.514  rows=138887
     net  gross  be_cost      n  stop$
q                                     
0 -0.075  0.004    0.106  13889   4.55
1 -0.064  0.013    0.130  13889   4.47
2 -0.054  0.025    0.242  13888   4.42
3 -0.073  0.004    0.131  13889   4.23
4 -0.070  0.013    0.170  13889   4.13
5 -0.084  0.004    0.082  13888   3.97
6 -0.104 -0.013    0.123  13889   3.85
7 -0.092  0.001    0.040  13888   3.64
8 -0.089  0.015    0.152  13889   3.42
9 -0.092  0.025    0.092  13889   3.21
  top-20 % conviction by year:
 year      2020   2021   2022   2023   2024   2025   2026
gross    0.028  0.015  0.030  0.030 -0.012  0.002  0.085
net     -0.089 -0.109 -0.077 -0.109 -0.106 -0.048  0.052
be_cost  0.133  0.026  0.106  0.098 -0.071  0.473  1.102

## w=2.0  AUC=0.511  rows=138887
     net  gross  be_cost      n  stop$
q                                     
0 -0.065 -0.001   -0.049  13889   5.77
1 -0.067 -0.005    0.021  13889   5.73
2 -0.086 -0.022   -0.182  13888   5.59
3 -0.066 -0.001    0.196  13889   5.47
4 -0.063  0.002    0.106  13889   5.37
5 -0.067 -0.002    0.163  13888   5.30
6 -0.058  0.010    0.084  13889   5.17
7 -0.047  0.024    0.401  13888   5.00
8 -0.074  0.000    0.124  13889   4.84
9 -0.053  0.025    0.320  13889   4.52
  top-20 % conviction by year:
 year      2020   2021   2022   2023   2024   2025   2026
gross    0.010  0.017  0.014 -0.002  0.006 -0.004  0.099
net     -0.075 -0.072 -0.054 -0.106 -0.064 -0.034  0.089
be_cost  0.013  0.037  0.024  0.093 -0.082  0.292  3.970

## w=3.0  AUC=0.522  rows=138887
     net  gross  be_cost      n  stop$
q                                     
0 -0.045 -0.003    0.002  13889   8.10
1 -0.053 -0.011   -0.178  13889   8.02
2 -0.050 -0.005   -0.010  13888   8.11
3 -0.034  0.008    0.156  13889   8.11
4 -0.031  0.012    0.218  13889   7.94
5 -0.033  0.010    0.229  13888   7.80
6 -0.016  0.027    0.218  13889   7.67
7 -0.043  0.005    0.206  13888   7.67
8 -0.025  0.022    0.746  13889   7.69
9 -0.001  0.049    0.964  13889   7.71
  top-20 % conviction by year:
 year      2020   2021   2022   2023   2024   2025    2026
gross    0.035  0.014  0.032  0.087  0.008  0.011   0.125
net     -0.021 -0.045 -0.020  0.031 -0.032 -0.015   0.118
be_cost  0.349  0.118  0.190  0.476 -0.089  1.042  10.147

   w   auc  top20_gross_R  top20_net_R  top20_be_cost$  all_gross_R  cur_cost$
1.5 0.514          0.020       -0.090           0.122        0.009       0.37
2.0 0.511          0.012       -0.064           0.222        0.003       0.37
3.0 0.522          0.036       -0.013           0.855        0.011       0.37
